

================================================================
== Synthesis Summary Report of 'kernel'
================================================================
+ General Information: 
    * Date:           Wed Aug 12 17:56:13 2026
    * Version:        2023.1 (Build 3854077 on May  4 2023)
    * Project:        out.prj
    * Solution:       solution1 (Vivado IP Flow Target)
    * Product family: virtexuplusHBM
    * Target device:  xcu280-fsvh2892-2L-e
    

+ Performance & Resource Estimates: 
    
    PS: '+' for module; 'o' for loop; '*' for dataflow
    +--------------+------+------+---------+---------+----------+---------+------+----------+------+----+----------+-----------+-----+
    |    Modules   | Issue|      | Latency | Latency | Iteration|         | Trip |          |      |    |          |           |     |
    |    & Loops   | Type | Slack| (cycles)|   (ns)  |  Latency | Interval| Count| Pipelined| BRAM | DSP|    FF    |    LUT    | URAM|
    +--------------+------+------+---------+---------+----------+---------+------+----------+------+----+----------+-----------+-----+
    |+ kernel      |     -|  0.15|       34|  113.220|         -|       35|     -|        no|     -|   -|  15 (~0%)|  106 (~0%)|    -|
    | o l_S_i_0_i  |     -|  2.43|       32|  106.560|         2|        1|    32|       yes|     -|   -|         -|          -|    -|
    +--------------+------+------+---------+---------+----------+---------+------+----------+------+----+----------+-----------+-----+


================================================================
== HW Interfaces
================================================================
* AP_MEMORY
+-------------+-----------+----------+
| Port        | Direction | Bitwidth |
+-------------+-----------+----------+
| v0_address0 | out       | 5        |
| v0_q0       | in        | 32       |
| v1_address0 | out       | 5        |
| v1_q0       | in        | 32       |
| v2_address0 | out       | 5        |
| v2_d0       | out       | 32       |
+-------------+-----------+----------+

* TOP LEVEL CONTROL
+-----------+------------+-----------------------------------+
| Interface | Type       | Ports                             |
+-----------+------------+-----------------------------------+
| ap_clk    | clock      | ap_clk                            |
| ap_rst    | reset      | ap_rst                            |
| ap_ctrl   | ap_ctrl_hs | ap_done ap_idle ap_ready ap_start |
+-----------+------------+-----------------------------------+


================================================================
== SW I/O Information
================================================================
* Top Function Arguments
+----------+-----------+----------+
| Argument | Direction | Datatype |
+----------+-----------+----------+
| v0       | in        | int*     |
| v1       | in        | int*     |
| v2       | out       | int*     |
+----------+-----------+----------+

* SW-to-HW Mapping
+----------+--------------+---------+----------+
| Argument | HW Interface | HW Type | HW Usage |
+----------+--------------+---------+----------+
| v0       | v0_address0  | port    | offset   |
| v0       | v0_ce0       | port    |          |
| v0       | v0_q0        | port    |          |
| v1       | v1_address0  | port    | offset   |
| v1       | v1_ce0       | port    |          |
| v1       | v1_q0        | port    |          |
| v2       | v2_address0  | port    | offset   |
| v2       | v2_ce0       | port    |          |
| v2       | v2_we0       | port    |          |
| v2       | v2_d0        | port    |          |
+----------+--------------+---------+----------+


================================================================
== Bind Op Report
================================================================
+----------------------+-----+--------+----------+-----+--------+---------+
| Name                 | DSP | Pragma | Variable | Op  | Impl   | Latency |
+----------------------+-----+--------+----------+-----+--------+---------+
| + kernel             | 0   |        |          |     |        |         |
|   add_ln23_fu_101_p2 | -   |        | add_ln23 | add | fabric | 0       |
|   v2_d0              | -   |        | v9       | add | fabric | 0       |
+----------------------+-----+--------+----------+-----+--------+---------+


================================================================
== Bind Storage Report
================================================================
  No bind storage info in design

================================================================
== Pragma Report
================================================================
  No pragmas found

